exports[`components <App /> renders correctly 1`] = `
<div>
  <h1>
    Weather
  </h1>
  <form
    onSubmit={[Function]}>
    <label>
      I want to know the weather for
      <input
        onChange={[Function]}
        placeholder="City, Country"
        type="text"
        value={undefined} />
    </label>
  </form>
</div>
`;
